{
  "exclude": {
    "files": "^.secrets.baseline$",
    "lines": null
  },
  "generated_at": "2025-01-03T12:44:38Z",
  "plugins_used": [
    {
      "name": "AWSKeyDetector"
    },
    {
      "name": "ArtifactoryDetector"
    },
    {
      "name": "AzureStorageKeyDetector"
    },
    {
      "base64_limit": 4.5,
      "name": "Base64HighEntropyString"
    },
    {
      "name": "BasicAuthDetector"
    },
    {
      "name": "BoxDetector"
    },
    {
      "name": "CloudantDetector"
    },
    {
      "ghe_instance": "github.ibm.com",
      "name": "GheDetector"
    },
    {
      "name": "GitHubTokenDetector"
    },
    {
      "hex_limit": 3,
      "name": "HexHighEntropyString"
    },
    {
      "name": "IbmCloudIamDetector"
    },
    {
      "name": "IbmCosHmacDetector"
    },
    {
      "name": "JwtTokenDetector"
    },
    {
      "keyword_exclude": null,
      "name": "KeywordDetector"
    },
    {
      "name": "MailchimpDetector"
    },
    {
      "name": "NpmDetector"
    },
    {
      "name": "PrivateKeyDetector"
    },
    {
      "name": "SlackDetector"
    },
    {
      "name": "SoftlayerDetector"
    },
    {
      "name": "SquareOAuthDetector"
    },
    {
      "name": "StripeDetector"
    },
    {
      "name": "TwilioKeyDetector"
    }
  ],
  "results": {
    "cloud/ai-service-templates/langgraph-react-agent/config.toml": [
      {
        "hashed_secret": "e08f84d585b2ee529f3ac4d6e78f7351924a2ed1",
        "is_verified": false,
        "line_number": 3,
        "type": "Secret Keyword",
        "verified_result": null
      }
    ],
    "cloud/ai-service-templates/langgraph-react-agent/poetry.lock": [
      {
        "hashed_secret": "2778e2dd013df0fa87437537bb498ecbd0c63a91",
        "is_verified": false,
        "line_number": 1328,
        "type": "Hex High Entropy String",
        "verified_result": null
      }
    ],
    "cloud/data/contract_summarization/contracts_summarization.json": [
      {
        "hashed_secret": "77418221db17a9ca70253ea24b3c306971b02373",
        "is_verified": false,
        "line_number": 4,
        "type": "Hex High Entropy String",
        "verified_result": null
      },
      {
        "hashed_secret": "6d402a3ab0f577fc933b0370340a5ea17f222faf",
        "is_verified": false,
        "line_number": 12,
        "type": "Hex High Entropy String",
        "verified_result": null
      },
      {
        "hashed_secret": "c4595a4a1ad7ef4ad68fc8de020a00409acc05af",
        "is_verified": false,
        "line_number": 20,
        "type": "Hex High Entropy String",
        "verified_result": null
      },
      {
        "hashed_secret": "14e1db5a89f1ee180077c3648b92d9a2ecc2a7ad",
        "is_verified": false,
        "line_number": 28,
        "type": "Hex High Entropy String",
        "verified_result": null
      },
      {
        "hashed_secret": "01cd542289e75625f0f35298f24686bb4f5f1d90",
        "is_verified": false,
        "line_number": 36,
        "type": "Hex High Entropy String",
        "verified_result": null
      },
      {
        "hashed_secret": "463c952337e5338b163d47427b3fea6008b28a51",
        "is_verified": false,
        "line_number": 44,
        "type": "Hex High Entropy String",
        "verified_result": null
      },
      {
        "hashed_secret": "b406a306a5d86b4970172f54b3f55c472615c268",
        "is_verified": false,
        "line_number": 52,
        "type": "Hex High Entropy String",
        "verified_result": null
      },
      {
        "hashed_secret": "a454c7386f8eb6440d3fcdf2978809e3a799f62a",
        "is_verified": false,
        "line_number": 60,
        "type": "Hex High Entropy String",
        "verified_result": null
      },
      {
        "hashed_secret": "b96a317b61f21aa26c1b49c56d4454f043e5c991",
        "is_verified": false,
        "line_number": 68,
        "type": "Hex High Entropy String",
        "verified_result": null
      },
      {
        "hashed_secret": "691959cc8a228031eee9aa84c1ffa2886bc5dc37",
        "is_verified": false,
        "line_number": 76,
        "type": "Hex High Entropy String",
        "verified_result": null
      },
      {
        "hashed_secret": "a9b181544bd899f0ad80d5b184aafbd56403325f",
        "is_verified": false,
        "line_number": 84,
        "type": "Hex High Entropy String",
        "verified_result": null
      },
      {
        "hashed_secret": "c3906b36447c79fbf4f08da24e83e7df59562800",
        "is_verified": false,
        "line_number": 92,
        "type": "Hex High Entropy String",
        "verified_result": null
      },
      {
        "hashed_secret": "1761b3e8443fa718a24e3467d23b107066839e5d",
        "is_verified": false,
        "line_number": 100,
        "type": "Hex High Entropy String",
        "verified_result": null
      },
      {
        "hashed_secret": "4153591a9f3a9150754fd98a84207b953fe2f0b0",
        "is_verified": false,
        "line_number": 108,
        "type": "Hex High Entropy String",
        "verified_result": null
      },
      {
        "hashed_secret": "94c3db7bbff75a440f84f255716ea189d4f7c16a",
        "is_verified": false,
        "line_number": 116,
        "type": "Hex High Entropy String",
        "verified_result": null
      },
      {
        "hashed_secret": "933a411e4a765f9fa3d9c485640cc6074aed7f7a",
        "is_verified": false,
        "line_number": 124,
        "type": "Hex High Entropy String",
        "verified_result": null
      },
      {
        "hashed_secret": "5dd001e2b2504b02087f99e02eac43423218df5a",
        "is_verified": false,
        "line_number": 132,
        "type": "Hex High Entropy String",
        "verified_result": null
      },
      {
        "hashed_secret": "2d435f60a142b9221185210370681d52ce028309",
        "is_verified": false,
        "line_number": 140,
        "type": "Hex High Entropy String",
        "verified_result": null
      },
      {
        "hashed_secret": "b8e20647999765411ad3810240b3741af436a46e",
        "is_verified": false,
        "line_number": 148,
        "type": "Hex High Entropy String",
        "verified_result": null
      },
      {
        "hashed_secret": "f2f2f100ef657f462ff189a1c93c1e276dc9c909",
        "is_verified": false,
        "line_number": 156,
        "type": "Hex High Entropy String",
        "verified_result": null
      },
      {
        "hashed_secret": "939d67d3795508d787d950a10453ff820d4792fd",
        "is_verified": false,
        "line_number": 164,
        "type": "Hex High Entropy String",
        "verified_result": null
      },
      {
        "hashed_secret": "ae91abd3d5ee30642aafde2903ffad2500630e5b",
        "is_verified": false,
        "line_number": 172,
        "type": "Hex High Entropy String",
        "verified_result": null
      },
      {
        "hashed_secret": "279c73e5069cc23bef51589178536a3d4bac4cf4",
        "is_verified": false,
        "line_number": 180,
        "type": "Hex High Entropy String",
        "verified_result": null
      },
      {
        "hashed_secret": "258e4f49efe64b337d89fda6f2fa61b0cc97a6e8",
        "is_verified": false,
        "line_number": 188,
        "type": "Hex High Entropy String",
        "verified_result": null
      },
      {
        "hashed_secret": "fb6812a815cb9243f53cfd3bce412827e7c6e9af",
        "is_verified": false,
        "line_number": 196,
        "type": "Hex High Entropy String",
        "verified_result": null
      },
      {
        "hashed_secret": "ec953ad2fc332522948fc43d112428a6f9f74244",
        "is_verified": false,
        "line_number": 204,
        "type": "Hex High Entropy String",
        "verified_result": null
      },
      {
        "hashed_secret": "c32222c4da61cff4fdab0fcc95fdca8ee860fb7b",
        "is_verified": false,
        "line_number": 212,
        "type": "Hex High Entropy String",
        "verified_result": null
      },
      {
        "hashed_secret": "eebea4cda68f2f74467eb3acef35b6ad2300ccc5",
        "is_verified": false,
        "line_number": 220,
        "type": "Hex High Entropy String",
        "verified_result": null
      },
      {
        "hashed_secret": "41b95b8d9c8855df42efe933ab25ba2b3b97fa3a",
        "is_verified": false,
        "line_number": 228,
        "type": "Hex High Entropy String",
        "verified_result": null
      },
      {
        "hashed_secret": "0fa37eb4aff5bed1586948e5cb8b4876567adc41",
        "is_verified": false,
        "line_number": 236,
        "type": "Hex High Entropy String",
        "verified_result": null
      },
      {
        "hashed_secret": "99536a8d2bb9608641ba41f9e1a8247dd8025959",
        "is_verified": false,
        "line_number": 244,
        "type": "Hex High Entropy String",
        "verified_result": null
      },
      {
        "hashed_secret": "98c0601abae3bbf531ad94dfc815e7e957b2d6ec",
        "is_verified": false,
        "line_number": 252,
        "type": "Hex High Entropy String",
        "verified_result": null
      },
      {
        "hashed_secret": "05811b146ff21c86fe3fa2dbc6452af3e6f014c3",
        "is_verified": false,
        "line_number": 260,
        "type": "Hex High Entropy String",
        "verified_result": null
      },
      {
        "hashed_secret": "cd275bdf14e09db8da6abb1eacbf0b299c465bad",
        "is_verified": false,
        "line_number": 268,
        "type": "Hex High Entropy String",
        "verified_result": null
      },
      {
        "hashed_secret": "d79f6dbae31749c57931730eb172f45cf5796bc9",
        "is_verified": false,
        "line_number": 276,
        "type": "Hex High Entropy String",
        "verified_result": null
      },
      {
        "hashed_secret": "f6ef22a9a78cb17cae77ff4be6df8b5f03a252e8",
        "is_verified": false,
        "line_number": 284,
        "type": "Hex High Entropy String",
        "verified_result": null
      },
      {
        "hashed_secret": "a4162e4f27f937b6f7382b436755d47279b969f2",
        "is_verified": false,
        "line_number": 292,
        "type": "Hex High Entropy String",
        "verified_result": null
      },
      {
        "hashed_secret": "0ad5af517191ddbf556fcbd031d0ad2980870832",
        "is_verified": false,
        "line_number": 300,
        "type": "Hex High Entropy String",
        "verified_result": null
      },
      {
        "hashed_secret": "f5b0cbfb99cd52b3ab36f427d180cfa6dec35d98",
        "is_verified": false,
        "line_number": 308,
        "type": "Hex High Entropy String",
        "verified_result": null
      },
      {
        "hashed_secret": "a27bb0eba2231c1e85d26d5fdc6bb973fe937efc",
        "is_verified": false,
        "line_number": 316,
        "type": "Hex High Entropy String",
        "verified_result": null
      },
      {
        "hashed_secret": "4735659420d811bd132b0f16bd9b5a1508295fe1",
        "is_verified": false,
        "line_number": 324,
        "type": "Hex High Entropy String",
        "verified_result": null
      },
      {
        "hashed_secret": "964067d80ba437b66a15c66e2e779eaa3a8d9f82",
        "is_verified": false,
        "line_number": 332,
        "type": "Hex High Entropy String",
        "verified_result": null
      },
      {
        "hashed_secret": "ff5454988364781394fcb1c09dd99081e809420d",
        "is_verified": false,
        "line_number": 340,
        "type": "Hex High Entropy String",
        "verified_result": null
      },
      {
        "hashed_secret": "3a431d140e96df806ea2e0aee06b970c8b2869a1",
        "is_verified": false,
        "line_number": 348,
        "type": "Hex High Entropy String",
        "verified_result": null
      },
      {
        "hashed_secret": "086f9a14b1bfe63d1d205ed24a4774ac08f2b784",
        "is_verified": false,
        "line_number": 356,
        "type": "Hex High Entropy String",
        "verified_result": null
      },
      {
        "hashed_secret": "5b7f2bee610a2c4fa6e83705ef998148e9bce238",
        "is_verified": false,
        "line_number": 364,
        "type": "Hex High Entropy String",
        "verified_result": null
      },
      {
        "hashed_secret": "fc53aa4e7518ec7ee8990ba06bac23eb54b31b68",
        "is_verified": false,
        "line_number": 372,
        "type": "Hex High Entropy String",
        "verified_result": null
      },
      {
        "hashed_secret": "0691a938068f08ea324822d4f3f120d7c295d13f",
        "is_verified": false,
        "line_number": 380,
        "type": "Hex High Entropy String",
        "verified_result": null
      },
      {
        "hashed_secret": "e812c61f2d9a00ca6bd80e194331623f11c55dbf",
        "is_verified": false,
        "line_number": 388,
        "type": "Hex High Entropy String",
        "verified_result": null
      },
      {
        "hashed_secret": "aa4e496b9d1feb11ef3c985b5039d3bdf27536c4",
        "is_verified": false,
        "line_number": 396,
        "type": "Hex High Entropy String",
        "verified_result": null
      },
      {
        "hashed_secret": "51877b86c6802b43bcc58bb501d2372d12d30490",
        "is_verified": false,
        "line_number": 404,
        "type": "Hex High Entropy String",
        "verified_result": null
      },
      {
        "hashed_secret": "3efc6062400acbbd6e8d681146b0582740e784c7",
        "is_verified": false,
        "line_number": 412,
        "type": "Hex High Entropy String",
        "verified_result": null
      },
      {
        "hashed_secret": "25e464dfe0d78bfda97881b9f5fe6ad5361c5178",
        "is_verified": false,
        "line_number": 420,
        "type": "Hex High Entropy String",
        "verified_result": null
      },
      {
        "hashed_secret": "376353a387d1c20b8278ea1192e01c8c86427ec2",
        "is_verified": false,
        "line_number": 428,
        "type": "Hex High Entropy String",
        "verified_result": null
      },
      {
        "hashed_secret": "417d702ada0d3fb0150ec259797f4ca4ff7a9833",
        "is_verified": false,
        "line_number": 436,
        "type": "Hex High Entropy String",
        "verified_result": null
      },
      {
        "hashed_secret": "40ac955715d63627fe1789c24b6a9349875209a6",
        "is_verified": false,
        "line_number": 444,
        "type": "Hex High Entropy String",
        "verified_result": null
      },
      {
        "hashed_secret": "5216afaad8636806761d829ba4e99ec75e5dbaa9",
        "is_verified": false,
        "line_number": 452,
        "type": "Hex High Entropy String",
        "verified_result": null
      },
      {
        "hashed_secret": "3274dfc66d9fb26f3e6713adc4c38facdb5e4859",
        "is_verified": false,
        "line_number": 460,
        "type": "Hex High Entropy String",
        "verified_result": null
      },
      {
        "hashed_secret": "21af84fb765551aee6ab4653f02f8cbdffef20b0",
        "is_verified": false,
        "line_number": 468,
        "type": "Hex High Entropy String",
        "verified_result": null
      },
      {
        "hashed_secret": "6f2732d991f8decf3df4c528e7b15dcb24907869",
        "is_verified": false,
        "line_number": 476,
        "type": "Hex High Entropy String",
        "verified_result": null
      },
      {
        "hashed_secret": "c1f7eb2c0bc5af9a8453e5597041243e00e382f4",
        "is_verified": false,
        "line_number": 484,
        "type": "Hex High Entropy String",
        "verified_result": null
      },
      {
        "hashed_secret": "442af74b3195d72033507bc756e81ab7125215a9",
        "is_verified": false,
        "line_number": 492,
        "type": "Hex High Entropy String",
        "verified_result": null
      },
      {
        "hashed_secret": "fe4b6917777518175765b92ea3a49e7f4fa9185a",
        "is_verified": false,
        "line_number": 500,
        "type": "Hex High Entropy String",
        "verified_result": null
      },
      {
        "hashed_secret": "a7f5a7a69671abf66ef614cf987f3704f1f7804e",
        "is_verified": false,
        "line_number": 508,
        "type": "Hex High Entropy String",
        "verified_result": null
      },
      {
        "hashed_secret": "f2279274fab0e511ae42a6602350048fd6cf7eab",
        "is_verified": false,
        "line_number": 516,
        "type": "Hex High Entropy String",
        "verified_result": null
      },
      {
        "hashed_secret": "c3bd8bd84802bea252c43026f61fcafadaa3f05d",
        "is_verified": false,
        "line_number": 524,
        "type": "Hex High Entropy String",
        "verified_result": null
      },
      {
        "hashed_secret": "cbe5f15bf40d2c3c3caa5dbfd5b740ee066e37a8",
        "is_verified": false,
        "line_number": 532,
        "type": "Hex High Entropy String",
        "verified_result": null
      },
      {
        "hashed_secret": "c94566927c581c118d20c11f3c806b26161aff8f",
        "is_verified": false,
        "line_number": 540,
        "type": "Hex High Entropy String",
        "verified_result": null
      },
      {
        "hashed_secret": "a9298d8177e2c9e3c68391ee7a694485c3cbc513",
        "is_verified": false,
        "line_number": 548,
        "type": "Hex High Entropy String",
        "verified_result": null
      },
      {
        "hashed_secret": "83d1f87f9458c7b6175ac30f627fd6de697a5b4e",
        "is_verified": false,
        "line_number": 556,
        "type": "Hex High Entropy String",
        "verified_result": null
      },
      {
        "hashed_secret": "2e8ff90a2f153c5e0de8395ac100fdadfef336e3",
        "is_verified": false,
        "line_number": 564,
        "type": "Hex High Entropy String",
        "verified_result": null
      },
      {
        "hashed_secret": "527ccc084ac0a6e496fc03b3b4d89c4e6a309fa1",
        "is_verified": false,
        "line_number": 572,
        "type": "Hex High Entropy String",
        "verified_result": null
      },
      {
        "hashed_secret": "9e7e9984c26bb941fa592618c87bf0cfe040ca33",
        "is_verified": false,
        "line_number": 580,
        "type": "Hex High Entropy String",
        "verified_result": null
      },
      {
        "hashed_secret": "20092dde5a11bf5a4bb36fe4de306a9ebef9a15b",
        "is_verified": false,
        "line_number": 588,
        "type": "Hex High Entropy String",
        "verified_result": null
      },
      {
        "hashed_secret": "fa3fda5526c910299db533e5a06e2576bad61f54",
        "is_verified": false,
        "line_number": 596,
        "type": "Hex High Entropy String",
        "verified_result": null
      },
      {
        "hashed_secret": "2f50b547017165c7d0ca871e95001433e19d2258",
        "is_verified": false,
        "line_number": 604,
        "type": "Hex High Entropy String",
        "verified_result": null
      },
      {
        "hashed_secret": "a5fba909c2b4832e325f6cea7ae4678ee16d9668",
        "is_verified": false,
        "line_number": 612,
        "type": "Hex High Entropy String",
        "verified_result": null
      },
      {
        "hashed_secret": "b6f8f2de3fc185d65bccbaf2a46136670ff3662d",
        "is_verified": false,
        "line_number": 620,
        "type": "Hex High Entropy String",
        "verified_result": null
      },
      {
        "hashed_secret": "c18e54a8e6fabb7b401e7c4fac0b03c0f8a109c1",
        "is_verified": false,
        "line_number": 628,
        "type": "Hex High Entropy String",
        "verified_result": null
      },
      {
        "hashed_secret": "81860585bb9a4a6d64b2adb4db62bdee33041faf",
        "is_verified": false,
        "line_number": 636,
        "type": "Hex High Entropy String",
        "verified_result": null
      },
      {
        "hashed_secret": "8dbcd02855237e9a02b28d6397ec700cb93b1316",
        "is_verified": false,
        "line_number": 644,
        "type": "Hex High Entropy String",
        "verified_result": null
      },
      {
        "hashed_secret": "48ceaace4651cd99118d82523de17295d1096b94",
        "is_verified": false,
        "line_number": 652,
        "type": "Hex High Entropy String",
        "verified_result": null
      },
      {
        "hashed_secret": "57670e64a82bdc824c9c5bcaa1f1a7d4c741f768",
        "is_verified": false,
        "line_number": 660,
        "type": "Hex High Entropy String",
        "verified_result": null
      },
      {
        "hashed_secret": "35ccdeba38590930973136580468bd51fc1e4432",
        "is_verified": false,
        "line_number": 668,
        "type": "Hex High Entropy String",
        "verified_result": null
      },
      {
        "hashed_secret": "09ffa3dab529af4f9759ea6c7ab9020434153c0e",
        "is_verified": false,
        "line_number": 676,
        "type": "Hex High Entropy String",
        "verified_result": null
      }
    ],
    "cloud/data/foundation_models/state_of_the_union.txt": [
      {
        "hashed_secret": "418b03c91215cc919b0411338e64a1f9a8c01e9a",
        "is_verified": false,
        "line_number": 393,
        "type": "Secret Keyword",
        "verified_result": null
      }
    ],
    "cloud/data/spec5g/spec5g.csv": [
      {
        "hashed_secret": "bbccdf2efb33b52e6c9d0a14dd70b2d415fbea6e",
        "is_verified": false,
        "line_number": 820,
        "type": "Secret Keyword",
        "verified_result": null
      }
    ],
    "cloud/notebooks/python_sdk/migration/v3_to_v4ga_cloud_assets_migration_sample.ipynb": [
      {
        "hashed_secret": "ba3746e719de934533bcbe2d63d2e4516d30f0a8",
        "is_verified": false,
        "line_number": 47,
        "type": "Secret Keyword",
        "verified_result": null
      }
    ],
    "cloud/notebooks/python_sdk/migration/v4beta_to_v4ga_assets_migration_sample.ipynb": [
      {
        "hashed_secret": "ba3746e719de934533bcbe2d63d2e4516d30f0a8",
        "is_verified": false,
        "line_number": 45,
        "type": "Secret Keyword",
        "verified_result": null
      }
    ]
  },
  "version": "0.13.1+ibm.62.dss",
  "word_list": {
    "file": null,
    "hash": null
  }
}
